*****************************************************************************************************************************************************
*                        T          F                                                                                                               *
*                  * *       * * * ****************************                                                                                     *
*                *     *****                                                                                                                        *
*              *   *                                                         T                      T                                               *
*            *****                         T                         * *   * * *                                             J                      *
*      *****      ****                                            ***************                                                                   *
******                         T                                 *****************                                                      T           *
*     *                                                         *******************                                *     *          *********       *
*****************************************************************************************************************************************************
                                                                                                                                                     
                                                                                                                                                     
                                                                                                                                                     
                                                                                                                                                     
                                                                                                                                                     
                                                                                                                                                     
                                                                                                                                                     
                                                                                                                                                     